
cl: командная строка warning D9035: использование параметра "Zc:forScope-" нежелательно, он будет удален в следующих выпусках
AddIn.cpp
cl: командная строка warning D9035: использование параметра "Zc:forScope-" нежелательно, он будет удален в следующих выпусках
App.cpp
cl: командная строка warning D9035: использование параметра "Zc:forScope-" нежелательно, он будет удален в следующих выпусках
AXControl.cpp
AXControl.cpp(416): warning C4838: Преобразование из "int" в "DWORD" требует сужающего преобразования.
AXControl.cpp(416): warning C4838: Преобразование из "SHORT" в "DWORD" требует сужающего преобразования.
AXControl.cpp(427): warning C4838: Преобразование из "int" в "DWORD" требует сужающего преобразования.
AXControl.cpp(427): warning C4838: Преобразование из "SHORT" в "DWORD" требует сужающего преобразования.
cl: командная строка warning D9035: использование параметра "Zc:forScope-" нежелательно, он будет удален в следующих выпусках
BinaryData.cpp
cl: командная строка warning D9035: использование параметра "Zc:forScope-" нежелательно, он будет удален в следующих выпусках
blmap.cpp
cl: командная строка warning D9035: использование параметра "Zc:forScope-" нежелательно, он будет удален в следующих выпусках
BLModuleWrapper.cpp
cl: командная строка warning D9035: использование параметра "Zc:forScope-" нежелательно, он будет удален в следующих выпусках
COM_Object.cpp
COM_Object.cpp(185): warning C4838: Преобразование из "int" в "DWORD" требует сужающего преобразования.
COM_Object.cpp(185): warning C4838: Преобразование из "SHORT" в "DWORD" требует сужающего преобразования.
cl: командная строка warning D9035: использование параметра "Zc:forScope-" нежелательно, он будет удален в следующих выпусках
ComponentClass.cpp
cl: командная строка warning D9035: использование параметра "Zc:forScope-" нежелательно, он будет удален в следующих выпусках
ComponentClassAdd.cpp
cl: командная строка warning D9035: использование параметра "Zc:forScope-" нежелательно, он будет удален в следующих выпусках
ComputeExpression.cpp
cl: командная строка warning D9035: использование параметра "Zc:forScope-" нежелательно, он будет удален в следующих выпусках
CreateMetaInfoClasses.cpp
cl: командная строка warning D9035: использование параметра "Zc:forScope-" нежелательно, он будет удален в следующих выпусках
CtrlEvents.cpp
cl: командная строка warning D9035: использование параметра "Zc:forScope-" нежелательно, он будет удален в следующих выпусках
CursorGridCtrl.cpp
CursorGrid\CursorGridCtrl.cpp(8116): warning C4838: Преобразование из "UINT" в "char" требует сужающего преобразования.
cl: командная строка warning D9035: использование параметра "Zc:forScope-" нежелательно, он будет удален в следующих выпусках
DataProvider.cpp
cl: командная строка warning D9035: использование параметра "Zc:forScope-" нежелательно, он будет удален в следующих выпусках
ProxyDataProvider.cpp
cl: командная строка warning D9035: использование параметра "Zc:forScope-" нежелательно, он будет удален в следующих выпусках
RowFormat.cpp
D:\Разработка\1С\VK\1CPP\icpp\Source\CursorGrid\TableFieldGetCtrl.h(21): warning C4227: устаревший элемент: пропуск квалификаторов для ссылки
cl: командная строка warning D9035: использование параметра "Zc:forScope-" нежелательно, он будет удален в следующих выпусках
SQLProvider.cpp
cl: командная строка warning D9035: использование параметра "Zc:forScope-" нежелательно, он будет удален в следующих выпусках
TableFieldGetCtrl.cpp
D:\Разработка\1С\VK\1CPP\icpp\Source\CursorGrid\TableFieldGetCtrl.h(21): warning C4227: устаревший элемент: пропуск квалификаторов для ссылки
cl: командная строка warning D9035: использование параметра "Zc:forScope-" нежелательно, он будет удален в следующих выпусках
V7CursorGridCtrl.cpp
D:\Разработка\1С\VK\1CPP\icpp\Source\CursorGrid\TableFieldGetCtrl.h(21): warning C4227: устаревший элемент: пропуск квалификаторов для ссылки
cl: командная строка warning D9035: использование параметра "Zc:forScope-" нежелательно, он будет удален в следующих выпусках
V7LogEvent.cpp
cl: командная строка warning D9035: использование параметра "Zc:forScope-" нежелательно, он будет удален в следующих выпусках
V7LogFilter.cpp
cl: командная строка warning D9035: использование параметра "Zc:forScope-" нежелательно, он будет удален в следующих выпусках
V7LogProvider.cpp
cl: командная строка warning D9035: использование параметра "Zc:forScope-" нежелательно, он будет удален в следующих выпусках
V7ODBCProvider.cpp
cl: командная строка warning D9035: использование параметра "Zc:forScope-" нежелательно, он будет удален в следующих выпусках
VTExtProvider.cpp
cl: командная строка warning D9035: использование параметра "Zc:forScope-" нежелательно, он будет удален в следующих выпусках
VTProvider.cpp
cl: командная строка warning D9035: использование параметра "Zc:forScope-" нежелательно, он будет удален в следующих выпусках
Delegate.cpp
cl: командная строка warning D9035: использование параметра "Zc:forScope-" нежелательно, он будет удален в следующих выпусках
DML.cpp
cl: командная строка warning D9035: использование параметра "Zc:forScope-" нежелательно, он будет удален в следующих выпусках
DynaCrypt.cpp
cl: командная строка warning D9035: использование параметра "Zc:forScope-" нежелательно, он будет удален в следующих выпусках
DynaValue.cpp
DynaValue.cpp(106): warning C4477: "sprintf": в строке форматирования "%08X" требуется аргумент типа "unsigned int", но вариативный аргумент "1" имеет тип "CDynaValue *"
DynaValue.cpp(177): warning C4477: "sprintf": в строке форматирования "%08X" требуется аргумент типа "unsigned int", но вариативный аргумент "1" имеет тип "CDynaValue *"
cl: командная строка warning D9035: использование параметра "Zc:forScope-" нежелательно, он будет удален в следующих выпусках
DynaValueList.cpp
DynaValueList.cpp(1634): warning C4477: "sprintf": в строке форматирования "%08X" требуется аргумент типа "unsigned int", но вариативный аргумент "3" имеет тип "propdefs *"
cl: командная строка warning D9035: использование параметра "Zc:forScope-" нежелательно, он будет удален в следующих выпусках
EventManager.cpp
cl: командная строка warning D9035: использование параметра "Zc:forScope-" нежелательно, он будет удален в следующих выпусках
ExecuteModule.cpp
cl: командная строка warning D9035: использование параметра "Zc:forScope-" нежелательно, он будет удален в следующих выпусках
Factory.cpp
cl: командная строка warning D9035: использование параметра "Zc:forScope-" нежелательно, он будет удален в следующих выпусках
Font.cpp
cl: командная строка warning D9035: использование параметра "Zc:forScope-" нежелательно, он будет удален в следующих выпусках
V7Form.cpp
cl: командная строка warning D9035: использование параметра "Zc:forScope-" нежелательно, он будет удален в следующих выпусках
GUID.cpp
cl: командная строка warning D9035: использование параметра "Zc:forScope-" нежелательно, он будет удален в следующих выпусках
HashMap.cpp
cl: командная строка warning D9035: использование параметра "Zc:forScope-" нежелательно, он будет удален в следующих выпусках
istrmap.cpp
cl: командная строка warning D9035: использование параметра "Zc:forScope-" нежелательно, он будет удален в следующих выпусках
V7Keyboard.cpp
cl: командная строка warning D9035: использование параметра "Zc:forScope-" нежелательно, он будет удален в следующих выпусках
MetaDataOfClasses.cpp
cl: командная строка warning D9035: использование параметра "Zc:forScope-" нежелательно, он будет удален в следующих выпусках
ModuleString.cpp
cl: командная строка warning D9035: использование параметра "Zc:forScope-" нежелательно, он будет удален в следующих выпусках
mycontextbase.cpp
cl: командная строка warning D9035: использование параметра "Zc:forScope-" нежелательно, он будет удален в следующих выпусках
MySQL_Query.cpp
cl: командная строка warning D9035: использование параметра "Zc:forScope-" нежелательно, он будет удален в следующих выпусках
1CPP_ODBCDatabase.cpp
cl: командная строка warning D9035: использование параметра "Zc:forScope-" нежелательно, он будет удален в следующих выпусках
1CPP_ODBCRecordSet.cpp
cl: командная строка warning D9035: использование параметра "Zc:forScope-" нежелательно, он будет удален в следующих выпусках
MetaNameParser.cpp
cl: командная строка warning D9035: использование параметра "Zc:forScope-" нежелательно, он будет удален в следующих выпусках
MetaNameParserProxy.cpp
cl: командная строка warning D9035: использование параметра "Zc:forScope-" нежелательно, он будет удален в следующих выпусках
Odbccore.cpp
cl: командная строка warning D9035: использование параметра "Zc:forScope-" нежелательно, он будет удален в следующих выпусках
SQLLock.cpp
cl: командная строка warning D9035: использование параметра "Zc:forScope-" нежелательно, он будет удален в следующих выпусках
SQLNumeric.cpp
cl: командная строка warning D9035: использование параметра "Zc:forScope-" нежелательно, он будет удален в следующих выпусках
CommandProxy.cpp
cl: командная строка warning D9035: использование параметра "Zc:forScope-" нежелательно, он будет удален в следующих выпусках
DBPropSet.cpp
cl: командная строка warning D9035: использование параметра "Zc:forScope-" нежелательно, он будет удален в следующих выпусках
OleDbResult.cpp
cl: командная строка warning D9035: использование параметра "Zc:forScope-" нежелательно, он будет удален в следующих выпусках
ResultProxy.cpp
cl: командная строка warning D9035: использование параметра "Zc:forScope-" нежелательно, он будет удален в следующих выпусках
sp_cooledb.cpp
cl: командная строка warning D9035: использование параметра "Zc:forScope-" нежелательно, он будет удален в следующих выпусках
sp_oledb.cpp
cl: командная строка warning D9035: использование параметра "Zc:forScope-" нежелательно, он будет удален в следующих выпусках
sp_oledbparam.cpp
cl: командная строка warning D9035: использование параметра "Zc:forScope-" нежелательно, он будет удален в следующих выпусках
sp_oledbparamhlpr.cpp
cl: командная строка warning D9035: использование параметра "Zc:forScope-" нежелательно, он будет удален в следующих выпусках
Utils.cpp
cl: командная строка warning D9035: использование параметра "Zc:forScope-" нежелательно, он будет удален в следующих выпусках
ValueTo.cpp
cl: командная строка warning D9035: использование параметра "Zc:forScope-" нежелательно, он будет удален в следующих выпусках
PicService.cpp
cl: командная строка warning D9035: использование параметра "Zc:forScope-" нежелательно, он будет удален в следующих выпусках
Preprocessor.cpp
cl: командная строка warning D9035: использование параметра "Zc:forScope-" нежелательно, он будет удален в следующих выпусках
RC6.cpp
cl: командная строка warning D9035: использование параметра "Zc:forScope-" нежелательно, он будет удален в следующих выпусках
RuntimeException.cpp
cl: командная строка warning D9035: использование параметра "Zc:forScope-" нежелательно, он будет удален в следующих выпусках
SafeContext.cpp
cl: командная строка warning D9035: использование параметра "Zc:forScope-" нежелательно, он будет удален в следующих выпусках
SetOfHierarchy.cpp
cl: командная строка warning D9035: использование параметра "Zc:forScope-" нежелательно, он будет удален в следующих выпусках
SimpleBLCollections.cpp
cl: командная строка warning D9035: использование параметра "Zc:forScope-" нежелательно, он будет удален в следующих выпусках
SimpleContext.cpp
cl: командная строка warning D9035: использование параметра "Zc:forScope-" нежелательно, он будет удален в следующих выпусках
SimpleDelegate.cpp
cl: командная строка warning D9035: использование параметра "Zc:forScope-" нежелательно, он будет удален в следующих выпусках
MetaDataWork.cpp
cl: командная строка warning D9035: использование параметра "Zc:forScope-" нежелательно, он будет удален в следующих выпусках
StringArrayEx.cpp
cl: командная строка warning D9035: использование параметра "Zc:forScope-" нежелательно, он будет удален в следующих выпусках
Struct.cpp
cl: командная строка warning D9035: использование параметра "Zc:forScope-" нежелательно, он будет удален в следующих выпусках
Clipboard.cpp
cl: командная строка warning D9035: использование параметра "Zc:forScope-" нежелательно, он будет удален в следующих выпусках
compare.cpp
cl: командная строка warning D9035: использование параметра "Zc:forScope-" нежелательно, он будет удален в следующих выпусках
CreationBoost.cpp
cl: командная строка warning D9035: использование параметра "Zc:forScope-" нежелательно, он будет удален в следующих выпусках
DllHooker.cpp
cl: командная строка warning D9035: использование параметра "Zc:forScope-" нежелательно, он будет удален в следующих выпусках
DocTransactWrap.cpp
cl: командная строка warning D9035: использование параметра "Zc:forScope-" нежелательно, он будет удален в следующих выпусках
fix_alloc.cpp
cl: командная строка warning D9035: использование параметра "Zc:forScope-" нежелательно, он будет удален в следующих выпусках
GlobalMethods.cpp
cl: командная строка warning D9035: использование параметра "Zc:forScope-" нежелательно, он будет удален в следующих выпусках
GroupContextWrap.cpp
cl: командная строка warning D9035: использование параметра "Zc:forScope-" нежелательно, он будет удален в следующих выпусках
Hooker.cpp
cl: командная строка warning D9035: использование параметра "Zc:forScope-" нежелательно, он будет удален в следующих выпусках
HyperLink.cpp
cl: командная строка warning D9035: использование параметра "Zc:forScope-" нежелательно, он будет удален в следующих выпусках
Informer.cpp
cl: командная строка warning D9035: использование параметра "Zc:forScope-" нежелательно, он будет удален в следующих выпусках
LogFile.cpp
cl: командная строка warning D9035: использование параметра "Zc:forScope-" нежелательно, он будет удален в следующих выпусках
Math.cpp
cl: командная строка warning D9035: использование параметра "Zc:forScope-" нежелательно, он будет удален в следующих выпусках
ModuleEvents.cpp
cl: командная строка warning D9035: использование параметра "Zc:forScope-" нежелательно, он будет удален в следующих выпусках
MyAboutWindowManager.cpp
cl: командная строка warning D9035: использование параметра "Zc:forScope-" нежелательно, он будет удален в следующих выпусках
MyAddinContext.cpp
cl: командная строка warning D9035: использование параметра "Zc:forScope-" нежелательно, он будет удален в следующих выпусках
MyThread.cpp
cl: командная строка warning D9035: использование параметра "Zc:forScope-" нежелательно, он будет удален в следующих выпусках
Settings.cpp
cl: командная строка warning D9035: использование параметра "Zc:forScope-" нежелательно, он будет удален в следующих выпусках
System.cpp
cl: командная строка warning D9035: использование параметра "Zc:forScope-" нежелательно, он будет удален в следующих выпусках
VLResultLoader.cpp
cl: командная строка warning D9035: использование параметра "Zc:forScope-" нежелательно, он будет удален в следующих выпусках
WrapAboutDlg.cpp
cl: командная строка warning D9035: использование параметра "Zc:forScope-" нежелательно, он будет удален в следующих выпусках
TableEx.cpp
cl: командная строка warning D9035: использование параметра "Zc:forScope-" нежелательно, он будет удален в следующих выпусках
allboost.cpp
cl: командная строка warning D9035: использование параметра "Zc:forScope-" нежелательно, он будет удален в следующих выпусках
boostgc.cpp
cl: командная строка warning D9035: использование параметра "Zc:forScope-" нежелательно, он будет удален в следующих выпусках
docrefboost.cpp
cl: командная строка warning D9035: использование параметра "Zc:forScope-" нежелательно, он будет удален в следующих выпусках
gcboost.cpp
cl: командная строка warning D9035: использование параметра "Zc:forScope-" нежелательно, он будет удален в следующих выпусках
UserClassesImpl.cpp
UserClassesImpl.cpp(1745): warning C4805: !=: небезопасное смешение типа "const int" и типа "const bool" в операции
cl: командная строка warning D9035: использование параметра "Zc:forScope-" нежелательно, он будет удален в следующих выпусках
ErrorProcessing.cpp
cl: командная строка warning D9035: использование параметра "Zc:forScope-" нежелательно, он будет удален в следующих выпусках
StringAlgo.cpp
cl: командная строка warning D9035: использование параметра "Zc:forScope-" нежелательно, он будет удален в следующих выпусках
SystemInterface.cpp
cl: командная строка warning D9035: использование параметра "Zc:forScope-" нежелательно, он будет удален в следующих выпусках
UserInterface.cpp
cl: командная строка warning D9035: использование параметра "Zc:forScope-" нежелательно, он будет удален в следующих выпусках
UserInterface.cpp
cl: командная строка warning D9035: использование параметра "Zc:forScope-" нежелательно, он будет удален в следующих выпусках
V7Control.cpp
cl: командная строка warning D9035: использование параметра "Zc:forScope-" нежелательно, он будет удален в следующих выпусках
V7SerializeToString.cpp
cl: командная строка warning D9035: использование параметра "Zc:forScope-" нежелательно, он будет удален в следующих выпусках
ValueCollection.cpp
cl: командная строка warning D9035: использование параметра "Zc:forScope-" нежелательно, он будет удален в следующих выпусках
SerialStorage.cpp
cl: командная строка warning D9035: использование параметра "Zc:forScope-" нежелательно, он будет удален в следующих выпусках
VTExtended.cpp
cl: командная строка warning D9035: использование параметра "Zc:forScope-" нежелательно, он будет удален в следующих выпусках
VTExtGrouping.cpp
cl: командная строка warning D9035: использование параметра "Zc:forScope-" нежелательно, он будет удален в следующих выпусках
VTExtRow.cpp
cl: командная строка warning D9035: использование параметра "Zc:forScope-" нежелательно, он будет удален в следующих выпусках
VTIndex.cpp
cl: командная строка warning D9035: использование параметра "Zc:forScope-" нежелательно, он будет удален в следующих выпусках
VTIterator.cpp
cl: командная строка warning D9035: использование параметра "Zc:forScope-" нежелательно, он будет удален в следующих выпусках
WorkAsRegister.cpp
cl: командная строка warning D9035: использование параметра "Zc:forScope-" нежелательно, он будет удален в следующих выпусках
XmlLiteReader.cpp
cl: командная строка warning D9035: использование параметра "Zc:forScope-" нежелательно, он будет удален в следующих выпусках
XmlLiteWriter.cpp
cl: командная строка warning D9035: использование параметра "Zc:forScope-" нежелательно, он будет удален в следующих выпусках
xt_list.cpp
